Loading bars + ORB table...
  2,467,393 bars, 1805 ORB sessions
Pre-computing |close - VWAP|(anchor) lookups...
  VWAP(session) ready in 3.6s
  VWAP(9:30_ny) ready in 4.5s
  Pre-compute total: 8.1s

Sweeping 14 configs (4-gate qualification):
           anchor=  session thr=  5  trades=1693 (F=  85 T=1608)  OOS median=$   -390  sharpe= -0.27  sign=3/7  total=$   3360  [2.8s]
           anchor=  session thr= 10  trades=1693 (F= 167 T=1526)  OOS median=$    210  sharpe=  0.16  sign=4/7  total=$   4210  [2.8s]
           anchor=  session thr= 20  trades=1693 (F= 309 T=1384)  OOS median=$    570  sharpe=  0.42  sign=4/7  total=$   1620  [2.8s]
           anchor=  session thr= 30  trades=1693 (F= 479 T=1214)  OOS median=$    542  sharpe=  0.41  sign=4/7  total=$   2746  [2.8s]
           anchor=  session thr= 50  trades=1693 (F= 762 T= 931)  OOS median=$    788  sharpe=  0.66  sign=4/7  total=$   3314  [2.8s]
           anchor=  session thr= 80  trades=1693 (F=1097 T= 596)  OOS median=$    -64  sharpe= -0.15  sign=3/7  total=$   -736  [2.8s]
           anchor=  session thr=120  trades=1693 (F=1380 T= 313)  OOS median=$   -450  sharpe= -0.78  sign=1/7  total=$  -3934  [2.8s]
           anchor=  9:30_ny thr=  5  trades=1693 (F=  97 T=1596)  OOS median=$   -870  sharpe= -0.54  sign=3/7  total=$   2328  [2.8s]
           anchor=  9:30_ny thr= 10  trades=1693 (F= 161 T=1532)  OOS median=$   -630  sharpe= -0.34  sign=3/7  total=$   2734  [2.9s]
           anchor=  9:30_ny thr= 20  trades=1693 (F= 328 T=1365)  OOS median=$    -30  sharpe= -0.02  sign=3/7  total=$   3662  [2.8s]
           anchor=  9:30_ny thr= 30  trades=1693 (F= 511 T=1182)  OOS median=$     71  sharpe=  0.04  sign=4/7  total=$   2738  [2.8s]
           anchor=  9:30_ny thr= 50  trades=1693 (F= 805 T= 888)  OOS median=$    704  sharpe=  0.70  sign=4/7  total=$   1348  [2.8s]
           anchor=  9:30_ny thr= 80  trades=1693 (F=1170 T= 523)  OOS median=$   -237  sharpe= -1.11  sign=1/7  total=$  -2356  [2.8s]
           anchor=  9:30_ny thr=120  trades=1693 (F=1425 T= 268)  OOS median=$   -427  sharpe= -0.49  sign=2/7  total=$  -3990  [2.8s]

Wrote sweep_results.parquet (14 rows)
  Re-running VWAP(session,thr=10) for trade output...
  Re-running VWAP(session,thr=50) for trade output...
  Re-running VWAP(session,thr=30) for trade output...
  Re-running VWAP(session,thr=20) for trade output...
  Re-running VWAP(9:30_ny,thr=50) for trade output...
Wrote /Users/hashim/Desktop/MNQ-Strategy/results/archive/sweep_vwap_20260512/report.md

Total elapsed: 1.0 min
Artifacts: /Users/hashim/Desktop/MNQ-Strategy/results/archive/sweep_vwap_20260512
